
> wasp-ai@1.25.0 build:local G:\project\better-chatbot
> cross-env NO_HTTPS='1' next build

   Γû▓ Next.js 15.3.2
   - Environments: .env
   - Experiments (use with caution):
     Γ£ô authInterrupts

(node:24168) Warning: Setting the NODE_TLS_REJECT_UNAUTHORIZED environment variable to '0' makes TLS connections and HTTPS requests insecure by disabling certificate verification.
(Use `node --trace-warnings ...` to show where the warning was created)
   Creating an optimized production build ...
 Γ£ô Compiled successfully in 29.0s
   Linting and checking validity of types ...

./src/components/character/characters-list.tsx
140:13  Warning: Using `<img>` could result in slower LCP and higher bandwidth. Consider using `<Image />` from `next/image` or a custom image loader to automatically optimize images. This may incur additional usage or cost from your provider. See: https://nextjs.org/docs/messages/no-img-element  @next/next/no-img-element

./src/components/character/edit-character.tsx
405:23  Warning: Using `<img>` could result in slower LCP and higher bandwidth. Consider using `<Image />` from `next/image` or a custom image loader to automatically optimize images. This may incur additional usage or cost from your provider. See: https://nextjs.org/docs/messages/no-img-element  @next/next/no-img-element
483:23  Warning: Using `<img>` could result in slower LCP and higher bandwidth. Consider using `<Image />` from `next/image` or a custom image loader to automatically optimize images. This may incur additional usage or cost from your provider. See: https://nextjs.org/docs/messages/no-img-element  @next/next/no-img-element

./src/components/chat/file-preview.tsx
49:9  Warning: Using `<img>` could result in slower LCP and higher bandwidth. Consider using `<Image />` from `next/image` or a custom image loader to automatically optimize images. This may incur additional usage or cost from your provider. See: https://nextjs.org/docs/messages/no-img-element  @next/next/no-img-element

./src/components/chat/file-upload-button.tsx
164:19  Warning: Using `<img>` could result in slower LCP and higher bandwidth. Consider using `<Image />` from `next/image` or a custom image loader to automatically optimize images. This may incur additional usage or cost from your provider. See: https://nextjs.org/docs/messages/no-img-element  @next/next/no-img-element

./src/components/tool-invocation/image-editor.tsx
101:13  Warning: Using `<img>` could result in slower LCP and higher bandwidth. Consider using `<Image />` from `next/image` or a custom image loader to automatically optimize images. This may incur additional usage or cost from your provider. See: https://nextjs.org/docs/messages/no-img-element  @next/next/no-img-element

./src/components/tool-invocation/image-enhancer.tsx
84:13  Warning: Using `<img>` could result in slower LCP and higher bandwidth. Consider using `<Image />` from `next/image` or a custom image loader to automatically optimize images. This may incur additional usage or cost from your provider. See: https://nextjs.org/docs/messages/no-img-element  @next/next/no-img-element
109:13  Warning: Using `<img>` could result in slower LCP and higher bandwidth. Consider using `<Image />` from `next/image` or a custom image loader to automatically optimize images. This may incur additional usage or cost from your provider. See: https://nextjs.org/docs/messages/no-img-element  @next/next/no-img-element

info  - Need to disable some ESLint rules? Learn more here: https://nextjs.org/docs/app/api-reference/config/eslint#disabling-rules
   Collecting page data ...
2025-12-30T19:37:17.026Z WARN [Better Auth]: No database configuration provided. Using memory adapter in development
2025-12-30T19:37:17.033Z WARN [Better Auth]: No database configuration provided. Using memory adapter in development
2025-12-30T19:37:17.036Z WARN [Better Auth]: No database configuration provided. Using memory adapter in development
2025-12-30T19:37:17.037Z WARN [Better Auth]: No database configuration provided. Using memory adapter in development
2025-12-30T19:37:17.049Z WARN [Better Auth]: No database configuration provided. Using memory adapter in development
2025-12-30T19:37:17.050Z WARN [Better Auth]: No database configuration provided. Using memory adapter in development
2025-12-30T19:37:17.052Z WARN [Better Auth]: No database configuration provided. Using memory adapter in development
2025-12-30T19:37:17.053Z WARN [Better Auth]: No database configuration provided. Using memory adapter in development
2025-12-30T19:37:17.055Z WARN [Better Auth]: No database configuration provided. Using memory adapter in development
2025-12-30T19:37:17.080Z WARN [Better Auth]: No database configuration provided. Using memory adapter in development
2025-12-30T19:37:17.083Z WARN [Better Auth]: No database configuration provided. Using memory adapter in development
2025-12-30T19:37:17.095Z WARN [Better Auth]: No database configuration provided. Using memory adapter in development
2025-12-30T19:37:17.110Z WARN [Better Auth]: No database configuration provided. Using memory adapter in development
2025-12-30T19:37:17.113Z WARN [Better Auth]: No database configuration provided. Using memory adapter in development
2025-12-30T19:37:17.133Z WARN [Better Auth]: No database configuration provided. Using memory adapter in development
2025-12-30T19:37:17.198Z WARN [Better Auth]: No database configuration provided. Using memory adapter in development
2025-12-30T19:37:17.201Z WARN [Better Auth]: No database configuration provided. Using memory adapter in development
2025-12-30T19:37:17.206Z WARN [Better Auth]: No database configuration provided. Using memory adapter in development
2025-12-30T19:37:17.341Z WARN [Better Auth]: No database configuration provided. Using memory adapter in development
2025-12-30T19:37:17.351Z WARN [Better Auth]: No database configuration provided. Using memory adapter in development
2025-12-30T19:37:17.532Z WARN [Better Auth]: No database configuration provided. Using memory adapter in development
[90m[[90mwasp-ai[90m][39m [36mΓä╣[39m Creating file storage: telegram
[90m[[90mwasp-ai[90m][39m [36mΓä╣[39m Creating file storage: telegram
2025-12-30T19:37:17.613Z WARN [Better Auth]: No database configuration provided. Using memory adapter in development
[90m[[90mwasp-ai[90m][39m [36mΓä╣[39m Creating file storage: telegram
2025-12-30T19:37:17.640Z WARN [Better Auth]: No database configuration provided. Using memory adapter in development
[90m[[90mwasp-ai[90m][39m [36mΓä╣[39m Creating file storage: telegram
   Generating static pages (0/45) ...
2025-12-30T19:37:25.626Z WARN [Better Auth]: No database configuration provided. Using memory adapter in development
   Generating static pages (11/45) 
2025-12-30T19:37:25.895Z WARN [Better Auth]: No database configuration provided. Using memory adapter in development
   Generating static pages (22/45) 
   Generating static pages (33/45) 
[90m[[90mwasp-ai[90m][39m [36mΓä╣[39m Creating file storage: telegram
 Γ£ô Generating static pages (45/45)
   Finalizing page optimization ...
   Collecting build traces ...

Route (app)                                          Size  First Load JS
Γöî ╞Æ /                                               214 B         580 kB
Γö£ ╞Æ /_not-found                                     987 B         116 kB
Γö£ ╞Æ /admin/users                                  12.7 kB         246 kB
Γö£ ╞Æ /admin/users/[id]                             24.2 kB         464 kB
Γö£ ╞Æ /agent/[id]                                   28.6 kB         534 kB
Γö£ ╞Æ /agents                                       6.41 kB         318 kB
Γö£ ╞Æ /api/agent                                      300 B         116 kB
Γö£ ╞Æ /api/agent/[id]                                 300 B         116 kB
Γö£ ╞Æ /api/agent/ai                                   300 B         116 kB
Γö£ ╞Æ /api/archive                                    300 B         116 kB
Γö£ ╞Æ /api/archive/[id]                               300 B         116 kB
Γö£ ╞Æ /api/archive/[id]/items                         300 B         116 kB
Γö£ ╞Æ /api/archive/[id]/items/[itemId]                300 B         116 kB
Γö£ ╞Æ /api/audio                                      300 B         116 kB
Γö£ ╞Æ /api/auth/[...all]                              300 B         116 kB
Γö£ ╞Æ /api/auth/callback-handler                      300 B         116 kB
Γö£ ╞Æ /api/auth/check-email-verified                  300 B         116 kB
Γö£ ╞Æ /api/auth/error                               4.53 kB         136 kB
Γö£ ╞Æ /api/auth/forgot-password                       300 B         116 kB
Γö£ ╞Æ /api/auth/reset-password                        300 B         116 kB
Γö£ ╞Æ /api/auth/sign-in/email                         300 B         116 kB
Γö£ ╞Æ /api/auth/verify-email                          300 B         116 kB
Γö£ ╞Æ /api/bookmark                                   300 B         116 kB
Γö£ ╞Æ /api/character                                  300 B         116 kB
Γö£ ╞Æ /api/character/[id]                             300 B         116 kB
Γö£ ╞Æ /api/chat                                       300 B         116 kB
Γö£ ╞Æ /api/chat/export                                300 B         116 kB
Γö£ ╞Æ /api/chat/models                                300 B         116 kB
Γö£ ╞Æ /api/chat/openai-realtime                       300 B         116 kB
Γö£ ╞Æ /api/chat/temporary                             300 B         116 kB
Γö£ ╞Æ /api/chat/title                                 300 B         116 kB
Γö£ ╞Æ /api/export                                     300 B         116 kB
Γö£ ╞Æ /api/export/[id]                                300 B         116 kB
Γö£ ╞Æ /api/export/[id]/comments                       300 B         116 kB
Γö£ ╞Æ /api/export/[id]/comments/[commentId]           300 B         116 kB
Γö£ ╞Æ /api/mcp                                        300 B         116 kB
Γö£ ╞Æ /api/mcp/[id]                                   300 B         116 kB
Γö£ ╞Æ /api/mcp/list                                   300 B         116 kB
Γö£ ╞Æ /api/mcp/oauth/callback                         300 B         116 kB
Γö£ ╞Æ /api/mcp/server-customizations/[server]         300 B         116 kB
Γö£ ╞Æ /api/mcp/tool-customizations/[server]           300 B         116 kB
Γö£ ╞Æ /api/mcp/tool-customizations/[server]/[tool]    300 B         116 kB
Γö£ ╞Æ /api/music-gen                                  300 B         116 kB
Γö£ ╞Æ /api/music-gen/history                          300 B         116 kB
Γö£ ╞Æ /api/music-gen/lyrics                           300 B         116 kB
Γö£ ╞Æ /api/storage/file/[...path]                     300 B         116 kB
Γö£ ╞Æ /api/storage/ingest                             300 B         116 kB
Γö£ ╞Æ /api/storage/upload                             300 B         116 kB
Γö£ ╞Æ /api/storage/upload-limit                       300 B         116 kB
Γö£ ╞Æ /api/storage/upload-url                         300 B         116 kB
Γö£ ╞Æ /api/thread                                     300 B         116 kB
Γö£ ╞Æ /api/tts                                        300 B         116 kB
Γö£ ╞Æ /api/user/avatar                                300 B         116 kB
Γö£ ╞Æ /api/user/details                               300 B         116 kB
Γö£ ╞Æ /api/user/details/[id]                          300 B         116 kB
Γö£ ╞Æ /api/user/image                                 300 B         116 kB
Γö£ ╞Æ /api/user/preferences                           300 B         116 kB
Γö£ ╞Æ /api/workflow                                   300 B         116 kB
Γö£ ╞Æ /api/workflow/[id]                              300 B         116 kB
Γö£ ╞Æ /api/workflow/[id]/execute                      300 B         116 kB
Γö£ ╞Æ /api/workflow/[id]/structure                    300 B         116 kB
Γö£ ╞Æ /api/workflow/tools                             300 B         116 kB
Γö£ ╞Æ /archive/[id]                                 10.8 kB         244 kB
Γö£ ╞Æ /auth/callback                                  300 B         116 kB
Γö£ ╞Æ /character/[id]                               13.6 kB         254 kB
Γö£ ╞Æ /characters                                   14.1 kB         241 kB
Γö£ ╞Æ /chat/[thread]                                  214 B         580 kB
Γö£ ╞Æ /export/[id]                                  27.6 kB         658 kB
Γö£ ╞Æ /forgot-password                              6.42 kB         195 kB
Γö£ ╞Æ /mcp                                          22.5 kB         278 kB
Γö£ ╞Æ /mcp/create                                     909 B         215 kB
Γö£ ╞Æ /mcp/modify/[id]                                209 B         215 kB
Γö£ ╞Æ /mcp/test/[id]                                18.8 kB         263 kB
Γö£ ╞Æ /music-gen                                    10.1 kB         235 kB
Γö£ ╞Æ /reset-password                               6.02 kB         191 kB
Γö£ ╞Æ /sign-in                                       8.3 kB         224 kB
Γö£ ╞Æ /sign-up                                       3.1 kB         219 kB
Γö£ ╞Æ /sign-up/email                                 8.6 kB         208 kB
Γö£ ╞Æ /subscription                                 5.89 kB         181 kB
Γö£ ╞Æ /workflow                                     19.8 kB         391 kB
Γöö ╞Æ /workflow/[id]                                 106 kB         756 kB
+ First Load JS shared by all                      115 kB
  Γö£ chunks/8587-9062b86bc65b0906.js               46.6 kB
  Γö£ chunks/e76ffa77-492bd123251ccc0e.js           63.1 kB
  Γöö other shared chunks (total)                   5.59 kB


╞Æ Middleware                                      35.1 kB

╞Æ  (Dynamic)  server-rendered on demand

